<html>
<body>
<pre>
<h1>µVision Build Log</h1>
<h2>Tool Versions:</h2>
IDE-Version: ¦ÌVision V5.24.2.0
Copyright (C) 2017 ARM Ltd and ARM Germany GmbH. All rights reserved.
License Information: SH xiaofeng, SH, LIC=KIVDY-I3E8N-77YRP-MGXMM-X3RT2-XKMLL
 
Tool Versions:
Toolchain:       MDK-ARM Professional  Version: 5.24.1
Toolchain Path:  D:\Keil_v5\ARM\ARMCC\Bin
C Compiler:      Armcc.exe V5.06 update 5 (build 528)
Assembler:       Armasm.exe V5.06 update 5 (build 528)
Linker/Locator:  ArmLink.exe V5.06 update 5 (build 528)
Library Manager: ArmAr.exe V5.06 update 5 (build 528)
Hex Converter:   FromElf.exe V5.06 update 5 (build 528)
CPU DLL:         SARMCM3.DLL V5.24.1
Dialog DLL:      DARMCM1.DLL V1.18.0.0
Target DLL:      CMSIS_AGDI.dll V1.28.3.0
Dialog DLL:      TARMCM1.DLL V1.13.0.0
 
<h2>Project:</h2>
G:\Working\HC_Working\hc32f003c4pa_handler\projects\handler\MDK\template.uvprojx
Project File Date:  09/01/2019

<h2>Output:</h2>
*** Using Compiler 'V5.06 update 5 (build 528)', folder: 'D:\Keil_v5\ARM\ARMCC\Bin'
Build target 'template_Release'
compiling main.c...
compiling api_shared_pwr_handler.c...
compiling bsp_adc.c...
compiling ddl.c...
compiling bsp_iwdg.c...
compiling api_uart_protocol.c...
compiling bsp_usart.c...
compiling bsp_check_dev.c...
compiling api_sys_timer.c...
compiling bsp_gpio.c...
compiling bsp_clk.c...
..\..\..\custom\bsp_hw_mcu\bsp_clk.c(26): warning:  #550-D: variable "u32Val"  was set but never used
  	u32 u32Val;
..\..\..\custom\bsp_hw_mcu\bsp_clk.c: 1 warning, 0 errors
compiling bsp_mcu_id.c...
compiling bsp_batterymanage.c...
linking...
Program Size: Code=12192 RO-data=292 RW-data=120 ZI-data=1784  
".\output\release\template.axf" - 0 Error(s), 1 Warning(s).

<h2>Software Packages used:</h2>

Package Vendor: ARM
                http://www.keil.com/pack/ARM.CMSIS.5.3.0.pack
                ARM.CMSIS.5.3.0
                CMSIS (Cortex Microcontroller Software Interface Standard)
   * Component: CORE Version: 5.1.1

Package Vendor: HDSC
                https://raw.githubusercontent.com/hdscmcu/pack/master/HDSC.HC32F003.1.0.1.pack
                HDSC.HC32F003.1.0.1
                HC32F003 ARM Cortex-M0+ Device Family Pack

<h2>Collection of Component include folders:</h2>
  .\RTE\_template_Release
  D:\Keil_v5\ARM\PACK\ARM\CMSIS\5.3.0\CMSIS\Include
  D:\Keil_v5\ARM\PACK\HDSC\HC32F003\1.0.1\Device\Include

<h2>Collection of Component Files used:</h2>

   * Component: ARM::CMSIS:CORE:5.1.1
Build Time Elapsed:  00:00:02
</pre>
</body>
</html>
